Starting project at C:\Users\HP\Desktop\Cleaner_app
Starting Metro Bundler
Waiting on http://localhost:8082
Logs for your project will appear below.
Web node_modules\expo\AppEntry.js ░░░░░░░░░░░░░░░░  0.0% (0/1)
Web node_modules\expo\AppEntry.js ▓▓▓▓▓▓▓▓▓▓░░░░░░ 66.3% (35/43)
Web node_modules\expo\AppEntry.js ▓▓▓▓▓▓▓▓▓▓▓▓▓▓▓░ 96.5% (119/158)
Web node_modules\expo\AppEntry.js ▓▓▓▓▓▓▓▓▓▓▓▓▓▓▓░ 99.3% (306/307)
Web Bundled 11157ms node_modules\expo\AppEntry.js (311 modules)
 LOG  [web] Logs will appear in the browser console
Web node_modules\expo\AppEntry.js ░░░░░░░░░░░░░░░░  0.0% (0/1)
Web Bundled 73ms node_modules\expo\AppEntry.js (1 module)
 LOG  [web] Logs will appear in the browser console
Web node_modules\expo\AppEntry.js ░░░░░░░░░░░░░░░░  0.0% (0/1)
Web Bundled 44ms node_modules\expo\AppEntry.js (1 module)
 LOG  [web] Logs will appear in the browser console
Web node_modules\expo\AppEntry.js ░░░░░░░░░░░░░░░░  0.0% (0/1)
Web Bundled 33ms node_modules\expo\AppEntry.js (1 module)
 LOG  [web] Logs will appear in the browser console
Web node_modules\expo\AppEntry.js ░░░░░░░░░░░░░░░░  0.0% (0/1)
Web Bundled 39ms node_modules\expo\AppEntry.js (1 module)
 LOG  [web] Logs will appear in the browser console
